// Jest Snapshot v1, https://goo.gl/fbAQLP

exports[`with data renders iteratively 1`] = `
Array [
  <TreeNode
    data={
        Object {
            "children": Array [
              Object {
                "children": Array [],
                "label": "Demi Meower",
              },
              Object {
                "children": Array [
                  Object {
                    "children": Array [],
                    "label": "Chairman Meow",
                  },
                  Object {
                    "children": Array [
                      Object {
                        "children": Array [],
                        "label": "Purrfect",
                      },
                      Object {
                        "children": Array [],
                        "label": "Thunder Paws",
                      },
                    ],
                    "label": "Cat-titude",
                  },
                ],
                "label": "Fleas Witherspoon",
              },
              Object {
                "children": Array [],
                "label": "Puma Thurman",
              },
              Object {
                "children": Array [
                  Object {
                    "children": Array [
                      Object {
                        "children": Array [],
                        "label": "Katy Purry",
                      },
                    ],
                    "label": "Miraclaw",
                  },
                  Object {
                    "children": Array [],
                    "label": "Anderson Pooper",
                  },
                ],
                "label": "Whispurr",
              },
            ],
            "label": "Root node",
          }
    }
    depth={0}
/>,
  <TreeNode
    data={
        Object {
            "children": Array [],
            "label": "Demi Meower",
          }
    }
    depth={1}
/>,
  <TreeNode
    data={
        Object {
            "children": Array [
              Object {
                "children": Array [],
                "label": "Chairman Meow",
              },
              Object {
                "children": Array [
                  Object {
                    "children": Array [],
                    "label": "Purrfect",
                  },
                  Object {
                    "children": Array [],
                    "label": "Thunder Paws",
                  },
                ],
                "label": "Cat-titude",
              },
            ],
            "label": "Fleas Witherspoon",
          }
    }
    depth={1}
/>,
  <TreeNode
    data={
        Object {
            "children": Array [],
            "label": "Chairman Meow",
          }
    }
    depth={2}
/>,
  <TreeNode
    data={
        Object {
            "children": Array [
              Object {
                "children": Array [],
                "label": "Purrfect",
              },
              Object {
                "children": Array [],
                "label": "Thunder Paws",
              },
            ],
            "label": "Cat-titude",
          }
    }
    depth={2}
/>,
  <TreeNode
    data={
        Object {
            "children": Array [],
            "label": "Purrfect",
          }
    }
    depth={3}
/>,
  <TreeNode
    data={
        Object {
            "children": Array [],
            "label": "Thunder Paws",
          }
    }
    depth={3}
/>,
  <TreeNode
    data={
        Object {
            "children": Array [],
            "label": "Puma Thurman",
          }
    }
    depth={1}
/>,
  <TreeNode
    data={
        Object {
            "children": Array [
              Object {
                "children": Array [
                  Object {
                    "children": Array [],
                    "label": "Katy Purry",
                  },
                ],
                "label": "Miraclaw",
              },
              Object {
                "children": Array [],
                "label": "Anderson Pooper",
              },
            ],
            "label": "Whispurr",
          }
    }
    depth={1}
/>,
  <TreeNode
    data={
        Object {
            "children": Array [
              Object {
                "children": Array [],
                "label": "Katy Purry",
              },
            ],
            "label": "Miraclaw",
          }
    }
    depth={2}
/>,
  <TreeNode
    data={
        Object {
            "children": Array [],
            "label": "Katy Purry",
          }
    }
    depth={3}
/>,
  <TreeNode
    data={
        Object {
            "children": Array [],
            "label": "Anderson Pooper",
          }
    }
    depth={2}
/>,
]
`;

exports[`with data renders recursively 1`] = `
Array [
  <TreeNode
    data={
        Object {
            "children": Array [
              Object {
                "children": Array [],
                "label": "Demi Meower",
              },
              Object {
                "children": Array [
                  Object {
                    "children": Array [],
                    "label": "Chairman Meow",
                  },
                  Object {
                    "children": Array [
                      Object {
                        "children": Array [],
                        "label": "Purrfect",
                      },
                      Object {
                        "children": Array [],
                        "label": "Thunder Paws",
                      },
                    ],
                    "label": "Cat-titude",
                  },
                ],
                "label": "Fleas Witherspoon",
              },
              Object {
                "children": Array [],
                "label": "Puma Thurman",
              },
              Object {
                "children": Array [
                  Object {
                    "children": Array [
                      Object {
                        "children": Array [],
                        "label": "Katy Purry",
                      },
                    ],
                    "label": "Miraclaw",
                  },
                  Object {
                    "children": Array [],
                    "label": "Anderson Pooper",
                  },
                ],
                "label": "Whispurr",
              },
            ],
            "label": "Root node",
          }
    }
    depth={0}
/>,
  Array [
    <TreeNode
      data={
            Object {
                  "children": Array [],
                  "label": "Demi Meower",
                }
      }
      depth={1}
/>,
  ],
  Array [
    <TreeNode
      data={
            Object {
                  "children": Array [
                    Object {
                      "children": Array [],
                      "label": "Chairman Meow",
                    },
                    Object {
                      "children": Array [
                        Object {
                          "children": Array [],
                          "label": "Purrfect",
                        },
                        Object {
                          "children": Array [],
                          "label": "Thunder Paws",
                        },
                      ],
                      "label": "Cat-titude",
                    },
                  ],
                  "label": "Fleas Witherspoon",
                }
      }
      depth={1}
/>,
    Array [
      <TreeNode
        data={
                Object {
                        "children": Array [],
                        "label": "Chairman Meow",
                      }
        }
        depth={2}
/>,
    ],
    Array [
      <TreeNode
        data={
                Object {
                        "children": Array [
                          Object {
                            "children": Array [],
                            "label": "Purrfect",
                          },
                          Object {
                            "children": Array [],
                            "label": "Thunder Paws",
                          },
                        ],
                        "label": "Cat-titude",
                      }
        }
        depth={2}
/>,
      Array [
        <TreeNode
          data={
                    Object {
                              "children": Array [],
                              "label": "Purrfect",
                            }
          }
          depth={3}
/>,
      ],
      Array [
        <TreeNode
          data={
                    Object {
                              "children": Array [],
                              "label": "Thunder Paws",
                            }
          }
          depth={3}
/>,
      ],
    ],
  ],
  Array [
    <TreeNode
      data={
            Object {
                  "children": Array [],
                  "label": "Puma Thurman",
                }
      }
      depth={1}
/>,
  ],
  Array [
    <TreeNode
      data={
            Object {
                  "children": Array [
                    Object {
                      "children": Array [
                        Object {
                          "children": Array [],
                          "label": "Katy Purry",
                        },
                      ],
                      "label": "Miraclaw",
                    },
                    Object {
                      "children": Array [],
                      "label": "Anderson Pooper",
                    },
                  ],
                  "label": "Whispurr",
                }
      }
      depth={1}
/>,
    Array [
      <TreeNode
        data={
                Object {
                        "children": Array [
                          Object {
                            "children": Array [],
                            "label": "Katy Purry",
                          },
                        ],
                        "label": "Miraclaw",
                      }
        }
        depth={2}
/>,
      Array [
        <TreeNode
          data={
                    Object {
                              "children": Array [],
                              "label": "Katy Purry",
                            }
          }
          depth={3}
/>,
      ],
    ],
    Array [
      <TreeNode
        data={
                Object {
                        "children": Array [],
                        "label": "Anderson Pooper",
                      }
        }
        depth={2}
/>,
    ],
  ],
]
`;
