// Jest Snapshot v1, https://goo.gl/fbAQLP

exports[`renders correctly with data 1`] = `
<div
  className="split-panel"
>
  <div>
    <TreeNode
      data={
        Object {
          "children": Array [
            Object {
              "children": Array [],
              "label": "Demi Meower",
            },
            Object {
              "children": Array [
                Object {
                  "children": Array [],
                  "label": "Chairman Meow",
                },
                Object {
                  "children": Array [
                    Object {
                      "children": Array [],
                      "label": "Purrfect",
                    },
                    Object {
                      "children": Array [],
                      "label": "Thunder Paws",
                    },
                  ],
                  "label": "Cat-titude",
                },
              ],
              "label": "Fleas Witherspoon",
            },
            Object {
              "children": Array [],
              "label": "Puma Thurman",
            },
            Object {
              "children": Array [
                Object {
                  "children": Array [
                    Object {
                      "children": Array [],
                      "label": "Katy Purry",
                    },
                  ],
                  "label": "Miraclaw",
                },
                Object {
                  "children": Array [],
                  "label": "Anderson Pooper",
                },
              ],
              "label": "Whispurr",
            },
          ],
          "label": "Root node",
        }
      }
      depth={0}
      key="0"
    />
    <TreeNode
      data={
        Object {
          "children": Array [],
          "label": "Demi Meower",
        }
      }
      depth={1}
      key="1"
    />
    <TreeNode
      data={
        Object {
          "children": Array [
            Object {
              "children": Array [],
              "label": "Chairman Meow",
            },
            Object {
              "children": Array [
                Object {
                  "children": Array [],
                  "label": "Purrfect",
                },
                Object {
                  "children": Array [],
                  "label": "Thunder Paws",
                },
              ],
              "label": "Cat-titude",
            },
          ],
          "label": "Fleas Witherspoon",
        }
      }
      depth={1}
      key="2"
    />
    <TreeNode
      data={
        Object {
          "children": Array [],
          "label": "Chairman Meow",
        }
      }
      depth={2}
      key="3"
    />
    <TreeNode
      data={
        Object {
          "children": Array [
            Object {
              "children": Array [],
              "label": "Purrfect",
            },
            Object {
              "children": Array [],
              "label": "Thunder Paws",
            },
          ],
          "label": "Cat-titude",
        }
      }
      depth={2}
      key="4"
    />
    <TreeNode
      data={
        Object {
          "children": Array [],
          "label": "Purrfect",
        }
      }
      depth={3}
      key="5"
    />
    <TreeNode
      data={
        Object {
          "children": Array [],
          "label": "Thunder Paws",
        }
      }
      depth={3}
      key="6"
    />
    <TreeNode
      data={
        Object {
          "children": Array [],
          "label": "Puma Thurman",
        }
      }
      depth={1}
      key="7"
    />
    <TreeNode
      data={
        Object {
          "children": Array [
            Object {
              "children": Array [
                Object {
                  "children": Array [],
                  "label": "Katy Purry",
                },
              ],
              "label": "Miraclaw",
            },
            Object {
              "children": Array [],
              "label": "Anderson Pooper",
            },
          ],
          "label": "Whispurr",
        }
      }
      depth={1}
      key="8"
    />
    <TreeNode
      data={
        Object {
          "children": Array [
            Object {
              "children": Array [],
              "label": "Katy Purry",
            },
          ],
          "label": "Miraclaw",
        }
      }
      depth={2}
      key="9"
    />
    <TreeNode
      data={
        Object {
          "children": Array [],
          "label": "Katy Purry",
        }
      }
      depth={3}
      key="10"
    />
    <TreeNode
      data={
        Object {
          "children": Array [],
          "label": "Anderson Pooper",
        }
      }
      depth={2}
      key="11"
    />
  </div>
  <div>
    <TreeNode
      data={
        Object {
          "children": Array [
            Object {
              "children": Array [],
              "label": "Demi Meower",
            },
            Object {
              "children": Array [
                Object {
                  "children": Array [],
                  "label": "Chairman Meow",
                },
                Object {
                  "children": Array [
                    Object {
                      "children": Array [],
                      "label": "Purrfect",
                    },
                    Object {
                      "children": Array [],
                      "label": "Thunder Paws",
                    },
                  ],
                  "label": "Cat-titude",
                },
              ],
              "label": "Fleas Witherspoon",
            },
            Object {
              "children": Array [],
              "label": "Puma Thurman",
            },
            Object {
              "children": Array [
                Object {
                  "children": Array [
                    Object {
                      "children": Array [],
                      "label": "Katy Purry",
                    },
                  ],
                  "label": "Miraclaw",
                },
                Object {
                  "children": Array [],
                  "label": "Anderson Pooper",
                },
              ],
              "label": "Whispurr",
            },
          ],
          "label": "Root node",
        }
      }
      depth={0}
      key="0"
    />
    <TreeNode
      data={
        Object {
          "children": Array [],
          "label": "Demi Meower",
        }
      }
      depth={1}
      key="1"
    />
    <TreeNode
      data={
        Object {
          "children": Array [
            Object {
              "children": Array [],
              "label": "Chairman Meow",
            },
            Object {
              "children": Array [
                Object {
                  "children": Array [],
                  "label": "Purrfect",
                },
                Object {
                  "children": Array [],
                  "label": "Thunder Paws",
                },
              ],
              "label": "Cat-titude",
            },
          ],
          "label": "Fleas Witherspoon",
        }
      }
      depth={1}
      key="2"
    />
    <TreeNode
      data={
        Object {
          "children": Array [],
          "label": "Chairman Meow",
        }
      }
      depth={2}
      key="3"
    />
    <TreeNode
      data={
        Object {
          "children": Array [
            Object {
              "children": Array [],
              "label": "Purrfect",
            },
            Object {
              "children": Array [],
              "label": "Thunder Paws",
            },
          ],
          "label": "Cat-titude",
        }
      }
      depth={2}
      key="4"
    />
    <TreeNode
      data={
        Object {
          "children": Array [],
          "label": "Purrfect",
        }
      }
      depth={3}
      key="5"
    />
    <TreeNode
      data={
        Object {
          "children": Array [],
          "label": "Thunder Paws",
        }
      }
      depth={3}
      key="6"
    />
    <TreeNode
      data={
        Object {
          "children": Array [],
          "label": "Puma Thurman",
        }
      }
      depth={1}
      key="7"
    />
    <TreeNode
      data={
        Object {
          "children": Array [
            Object {
              "children": Array [
                Object {
                  "children": Array [],
                  "label": "Katy Purry",
                },
              ],
              "label": "Miraclaw",
            },
            Object {
              "children": Array [],
              "label": "Anderson Pooper",
            },
          ],
          "label": "Whispurr",
        }
      }
      depth={1}
      key="8"
    />
    <TreeNode
      data={
        Object {
          "children": Array [
            Object {
              "children": Array [],
              "label": "Katy Purry",
            },
          ],
          "label": "Miraclaw",
        }
      }
      depth={2}
      key="9"
    />
    <TreeNode
      data={
        Object {
          "children": Array [],
          "label": "Katy Purry",
        }
      }
      depth={3}
      key="10"
    />
    <TreeNode
      data={
        Object {
          "children": Array [],
          "label": "Anderson Pooper",
        }
      }
      depth={2}
      key="11"
    />
  </div>
</div>
`;
